../Core/Src/main.c:54:5:LF	16	static
../Core/Src/main.c:73:5:LB	16	static
../Core/Src/main.c:92:5:RF	16	static
../Core/Src/main.c:111:5:RB	16	static
../Core/Src/main.c:131:5:TLF	8	static
../Core/Src/main.c:135:5:TRF	8	static
../Core/Src/main.c:139:5:TLB	8	static
../Core/Src/main.c:143:5:TRB	8	static
../Core/Src/main.c:147:9:MF	8	static
../Core/Src/main.c:159:9:MB	8	static
../Core/Src/main.c:170:9:ML	8	static
../Core/Src/main.c:181:9:MR	8	static
../Core/Src/main.c:192:9:ST	8	static
../Core/Src/main.c:203:1:__io_putchar	16	static
../Core/Src/main.c:211:1:__io_getchar	16	static
../Core/Src/main.c:249:5:main	32	static
../Core/Src/main.c:624:6:SystemClock_Config	72	static
../Core/Src/main.c:663:13:MX_USART2_UART_Init	8	static
../Core/Src/main.c:696:13:MX_GPIO_Init	40	static
../Core/Src/main.c:761:6:Error_Handler	4	static,ignoring_inline_asm
