../Core/Src/main.c:51:5:LF	16	static
../Core/Src/main.c:70:5:LB	16	static
../Core/Src/main.c:89:5:RF	16	static
../Core/Src/main.c:108:5:RB	16	static
../Core/Src/main.c:128:5:TLF	8	static
../Core/Src/main.c:132:5:TRF	8	static
../Core/Src/main.c:136:5:TLB	8	static
../Core/Src/main.c:140:5:TRB	8	static
../Core/Src/main.c:144:9:MF	8	static
../Core/Src/main.c:156:9:MB	8	static
../Core/Src/main.c:169:9:MR	8	static
../Core/Src/main.c:180:9:ML	8	static
../Core/Src/main.c:191:9:ST	8	static
../Core/Src/main.c:203:1:__io_putchar	16	static
../Core/Src/main.c:211:1:__io_getchar	16	static
../Core/Src/main.c:236:5:main	72	static
../Core/Src/main.c:689:6:SystemClock_Config	72	static
../Core/Src/main.c:728:13:MX_USART2_UART_Init	8	static
../Core/Src/main.c:761:13:MX_GPIO_Init	40	static
../Core/Src/main.c:826:6:Error_Handler	4	static,ignoring_inline_asm
